src/modules/payment/payment.controller.ts(83,62): error TS2345: Argument of type 'string | string[] | undefined' is not assignable to parameter of type 'string'.
  Type 'undefined' is not assignable to type 'string'.
src/modules/payment/payment.service.ts(31,9): error TS2322: Type '{ price_data: { currency: string; product_data: { images?: string[]; name: string | null; }; unit_amount: number; }; quantity: number; }[]' is not assignable to type 'LineItem[]'.
  Type '{ price_data: { currency: string; product_data: { images?: string[]; name: string | null; }; unit_amount: number; }; quantity: number; }' is not assignable to type 'LineItem'.
    The types of 'price_data.product_data.name' are incompatible between these types.
      Type 'string | null' is not assignable to type 'string'.
        Type 'null' is not assignable to type 'string'.
